# HELP oob_gpu_bandwidth_percent Utilization of the GPU in percent
# TYPE oob_gpu_bandwidth_percent gauge
oob_gpu_bandwidth_percent{id="Video.Slot.21-1"} 0
oob_gpu_bandwidth_percent{id="Video.Slot.22-1"} 0
oob_gpu_bandwidth_percent{id="Video.Slot.23-1"} 0
oob_gpu_bandwidth_percent{id="Video.Slot.24-1"} 0
oob_gpu_bandwidth_percent{id="Video.Slot.25-1"} 0
oob_gpu_bandwidth_percent{id="Video.Slot.26-1"} 0
oob_gpu_bandwidth_percent{id="Video.Slot.27-1"} 0
oob_gpu_bandwidth_percent{id="Video.Slot.28-1"} 0
# HELP oob_gpu_board_power_supply_status Status of the GPU board power supply
# TYPE oob_gpu_board_power_supply_status gauge
oob_gpu_board_power_supply_status{id="Video.Slot.21-1",status="SufficientPower"} 1
oob_gpu_board_power_supply_status{id="Video.Slot.22-1",status="SufficientPower"} 1
oob_gpu_board_power_supply_status{id="Video.Slot.23-1",status="SufficientPower"} 1
oob_gpu_board_power_supply_status{id="Video.Slot.24-1",status="SufficientPower"} 1
oob_gpu_board_power_supply_status{id="Video.Slot.25-1",status="SufficientPower"} 1
oob_gpu_board_power_supply_status{id="Video.Slot.26-1",status="SufficientPower"} 1
oob_gpu_board_power_supply_status{id="Video.Slot.27-1",status="SufficientPower"} 1
oob_gpu_board_power_supply_status{id="Video.Slot.28-1",status="SufficientPower"} 1
# HELP oob_gpu_consumed_power_watt Power consumed by the GPU in watts
# TYPE oob_gpu_consumed_power_watt gauge
oob_gpu_consumed_power_watt{id="Video.Slot.21-1"} 81.4
oob_gpu_consumed_power_watt{id="Video.Slot.22-1"} 78.8
oob_gpu_consumed_power_watt{id="Video.Slot.23-1"} 83.7
oob_gpu_consumed_power_watt{id="Video.Slot.24-1"} 79.5
oob_gpu_consumed_power_watt{id="Video.Slot.25-1"} 78.7
oob_gpu_consumed_power_watt{id="Video.Slot.26-1"} 79
oob_gpu_consumed_power_watt{id="Video.Slot.27-1"} 80.2
oob_gpu_consumed_power_watt{id="Video.Slot.28-1"} 79.4
# HELP oob_gpu_current_pcie_link_speed Current PCIe link speed of the GPU
# TYPE oob_gpu_current_pcie_link_speed gauge
oob_gpu_current_pcie_link_speed{id="Video.Slot.21-1"} 5
oob_gpu_current_pcie_link_speed{id="Video.Slot.22-1"} 5
oob_gpu_current_pcie_link_speed{id="Video.Slot.23-1"} 5
oob_gpu_current_pcie_link_speed{id="Video.Slot.24-1"} 5
oob_gpu_current_pcie_link_speed{id="Video.Slot.25-1"} 5
oob_gpu_current_pcie_link_speed{id="Video.Slot.26-1"} 5
oob_gpu_current_pcie_link_speed{id="Video.Slot.27-1"} 5
oob_gpu_current_pcie_link_speed{id="Video.Slot.28-1"} 5
# HELP oob_gpu_dram_utilization_percent DRAM utilization of the GPU in percent
# TYPE oob_gpu_dram_utilization_percent gauge
oob_gpu_dram_utilization_percent{id="Video.Slot.21-1"} 0
oob_gpu_dram_utilization_percent{id="Video.Slot.22-1"} 0
oob_gpu_dram_utilization_percent{id="Video.Slot.23-1"} 0
oob_gpu_dram_utilization_percent{id="Video.Slot.24-1"} 0
oob_gpu_dram_utilization_percent{id="Video.Slot.25-1"} 0
oob_gpu_dram_utilization_percent{id="Video.Slot.26-1"} 0
oob_gpu_dram_utilization_percent{id="Video.Slot.27-1"} 0
oob_gpu_dram_utilization_percent{id="Video.Slot.28-1"} 0
# HELP oob_gpu_exporter_build_info Constant metric with build information for the exporter
# TYPE oob_gpu_exporter_build_info untyped
oob_gpu_exporter_build_info{goversion="go1.23.1",revision="",version=""} 1
# HELP oob_gpu_exporter_scrape_errors_total Total number of errors encountered while scraping target
# TYPE oob_gpu_exporter_scrape_errors_total counter
oob_gpu_exporter_scrape_errors_total 0
# HELP oob_gpu_health Health status of the GPU
# TYPE oob_gpu_health gauge
oob_gpu_health{id="Video.Slot.21-1",status="OK"} 2
oob_gpu_health{id="Video.Slot.22-1",status="OK"} 2
oob_gpu_health{id="Video.Slot.23-1",status="OK"} 2
oob_gpu_health{id="Video.Slot.24-1",status="OK"} 2
oob_gpu_health{id="Video.Slot.25-1",status="OK"} 2
oob_gpu_health{id="Video.Slot.26-1",status="OK"} 2
oob_gpu_health{id="Video.Slot.27-1",status="OK"} 2
oob_gpu_health{id="Video.Slot.28-1",status="OK"} 2
# HELP oob_gpu_hmma_utilization_percent HMMA (Hybrid Matrix Multiply-Accumulate) utilization of the GPU in percent
# TYPE oob_gpu_hmma_utilization_percent gauge
oob_gpu_hmma_utilization_percent{id="Video.Slot.21-1"} 0
oob_gpu_hmma_utilization_percent{id="Video.Slot.22-1"} 0
oob_gpu_hmma_utilization_percent{id="Video.Slot.23-1"} 0
oob_gpu_hmma_utilization_percent{id="Video.Slot.24-1"} 0
oob_gpu_hmma_utilization_percent{id="Video.Slot.25-1"} 0
oob_gpu_hmma_utilization_percent{id="Video.Slot.26-1"} 0
oob_gpu_hmma_utilization_percent{id="Video.Slot.27-1"} 0
oob_gpu_hmma_utilization_percent{id="Video.Slot.28-1"} 0
# HELP oob_gpu_info Information about the GPU
# TYPE oob_gpu_info untyped
oob_gpu_info{guid="0d77eb8e940575e1cdb2915b31964481",id="Video.Slot.27-1",manufacturer="NVIDIA Corporation",model="NVIDIA H200",part_number="692-2G520-0280-001",serial_number="1653824200527",slot="0"} 1
oob_gpu_info{guid="3009ad60562382115da6cfc182177431",id="Video.Slot.23-1",manufacturer="NVIDIA Corporation",model="NVIDIA H200",part_number="692-2G520-0280-001",serial_number="1653924100941",slot="0"} 1
oob_gpu_info{guid="32b85d9d4df56ec25a71d4db2899d6a2",id="Video.Slot.26-1",manufacturer="NVIDIA Corporation",model="NVIDIA H200",part_number="692-2G520-0280-001",serial_number="1653824201536",slot="0"} 1
oob_gpu_info{guid="347accfba9424008181b7d9c53523a78",id="Video.Slot.25-1",manufacturer="NVIDIA Corporation",model="NVIDIA H200",part_number="692-2G520-0280-001",serial_number="1653924052967",slot="0"} 1
oob_gpu_info{guid="6108731b5ec3d248596ef5927e9dab51",id="Video.Slot.28-1",manufacturer="NVIDIA Corporation",model="NVIDIA H200",part_number="692-2G520-0280-001",serial_number="1653824201434",slot="0"} 1
oob_gpu_info{guid="7bc0e864ac5e6f1f3f4e468d8cb72eae",id="Video.Slot.21-1",manufacturer="NVIDIA Corporation",model="NVIDIA H200",part_number="692-2G520-0280-001",serial_number="1653824200703",slot="0"} 1
oob_gpu_info{guid="a051042a43a5aa78a22020e9a90ecf2d",id="Video.Slot.22-1",manufacturer="NVIDIA Corporation",model="NVIDIA H200",part_number="692-2G520-0280-001",serial_number="1653824201064",slot="0"} 1
oob_gpu_info{guid="e47146aa2aa6e02b7c31f9ad550ce084",id="Video.Slot.24-1",manufacturer="NVIDIA Corporation",model="NVIDIA H200",part_number="692-2G520-0280-001",serial_number="1653824201307",slot="0"} 1
# HELP oob_gpu_max_supported_pcie_link_speed Maximum supported PCIe link speed of the GPU
# TYPE oob_gpu_max_supported_pcie_link_speed gauge
oob_gpu_max_supported_pcie_link_speed{id="Video.Slot.21-1"} 5
oob_gpu_max_supported_pcie_link_speed{id="Video.Slot.22-1"} 5
oob_gpu_max_supported_pcie_link_speed{id="Video.Slot.23-1"} 5
oob_gpu_max_supported_pcie_link_speed{id="Video.Slot.24-1"} 5
oob_gpu_max_supported_pcie_link_speed{id="Video.Slot.25-1"} 5
oob_gpu_max_supported_pcie_link_speed{id="Video.Slot.26-1"} 5
oob_gpu_max_supported_pcie_link_speed{id="Video.Slot.27-1"} 5
oob_gpu_max_supported_pcie_link_speed{id="Video.Slot.28-1"} 5
# HELP oob_gpu_memory_bandwidth_percent Utilization of the GPU memory in percent
# TYPE oob_gpu_memory_bandwidth_percent gauge
oob_gpu_memory_bandwidth_percent{id="Video.Slot.21-1"} 0
oob_gpu_memory_bandwidth_percent{id="Video.Slot.22-1"} 0
oob_gpu_memory_bandwidth_percent{id="Video.Slot.23-1"} 0
oob_gpu_memory_bandwidth_percent{id="Video.Slot.24-1"} 0
oob_gpu_memory_bandwidth_percent{id="Video.Slot.25-1"} 0
oob_gpu_memory_bandwidth_percent{id="Video.Slot.26-1"} 0
oob_gpu_memory_bandwidth_percent{id="Video.Slot.27-1"} 0
oob_gpu_memory_bandwidth_percent{id="Video.Slot.28-1"} 0
# HELP oob_gpu_memory_operating_speed_mhz Operating speed of the GPU memory in Mhz
# TYPE oob_gpu_memory_operating_speed_mhz gauge
oob_gpu_memory_operating_speed_mhz{id="Video.Slot.21-1"} 3199
oob_gpu_memory_operating_speed_mhz{id="Video.Slot.22-1"} 3199
oob_gpu_memory_operating_speed_mhz{id="Video.Slot.23-1"} 3199
oob_gpu_memory_operating_speed_mhz{id="Video.Slot.24-1"} 3199
oob_gpu_memory_operating_speed_mhz{id="Video.Slot.25-1"} 3199
oob_gpu_memory_operating_speed_mhz{id="Video.Slot.26-1"} 3199
oob_gpu_memory_operating_speed_mhz{id="Video.Slot.27-1"} 3199
oob_gpu_memory_operating_speed_mhz{id="Video.Slot.28-1"} 3199
# HELP oob_gpu_memory_temperature_celsius Temperature of the GPU memory in celsius
# TYPE oob_gpu_memory_temperature_celsius gauge
oob_gpu_memory_temperature_celsius{id="Video.Slot.21-1"} 40
oob_gpu_memory_temperature_celsius{id="Video.Slot.22-1"} 41
oob_gpu_memory_temperature_celsius{id="Video.Slot.23-1"} 42
oob_gpu_memory_temperature_celsius{id="Video.Slot.24-1"} 41
oob_gpu_memory_temperature_celsius{id="Video.Slot.25-1"} 41
oob_gpu_memory_temperature_celsius{id="Video.Slot.26-1"} 41
oob_gpu_memory_temperature_celsius{id="Video.Slot.27-1"} 41
oob_gpu_memory_temperature_celsius{id="Video.Slot.28-1"} 41
# HELP oob_gpu_operating_speed_mhz Operating speed of the GPU in Mhz
# TYPE oob_gpu_operating_speed_mhz gauge
oob_gpu_operating_speed_mhz{id="Video.Slot.21-1"} 345
oob_gpu_operating_speed_mhz{id="Video.Slot.22-1"} 345
oob_gpu_operating_speed_mhz{id="Video.Slot.23-1"} 345
oob_gpu_operating_speed_mhz{id="Video.Slot.24-1"} 345
oob_gpu_operating_speed_mhz{id="Video.Slot.25-1"} 345
oob_gpu_operating_speed_mhz{id="Video.Slot.26-1"} 345
oob_gpu_operating_speed_mhz{id="Video.Slot.27-1"} 345
oob_gpu_operating_speed_mhz{id="Video.Slot.28-1"} 345
# HELP oob_gpu_pcie_correctable_error_count Number of correctable PCIe errors of the GPU
# TYPE oob_gpu_pcie_correctable_error_count counter
oob_gpu_pcie_correctable_error_count{id="Video.Slot.21-1"} 0
oob_gpu_pcie_correctable_error_count{id="Video.Slot.22-1"} 0
oob_gpu_pcie_correctable_error_count{id="Video.Slot.23-1"} 0
oob_gpu_pcie_correctable_error_count{id="Video.Slot.24-1"} 0
oob_gpu_pcie_correctable_error_count{id="Video.Slot.25-1"} 0
oob_gpu_pcie_correctable_error_count{id="Video.Slot.26-1"} 0
oob_gpu_pcie_correctable_error_count{id="Video.Slot.27-1"} 0
oob_gpu_pcie_correctable_error_count{id="Video.Slot.28-1"} 0
# HELP oob_gpu_pcie_raw_rx_bandwidth_gbps PCIe raw receive bandwidth of the GPU in Gbps
# TYPE oob_gpu_pcie_raw_rx_bandwidth_gbps gauge
oob_gpu_pcie_raw_rx_bandwidth_gbps{id="Video.Slot.21-1"} 0
oob_gpu_pcie_raw_rx_bandwidth_gbps{id="Video.Slot.22-1"} 0
oob_gpu_pcie_raw_rx_bandwidth_gbps{id="Video.Slot.23-1"} 0
oob_gpu_pcie_raw_rx_bandwidth_gbps{id="Video.Slot.24-1"} 0
oob_gpu_pcie_raw_rx_bandwidth_gbps{id="Video.Slot.25-1"} 0
oob_gpu_pcie_raw_rx_bandwidth_gbps{id="Video.Slot.26-1"} 0
oob_gpu_pcie_raw_rx_bandwidth_gbps{id="Video.Slot.27-1"} 0
oob_gpu_pcie_raw_rx_bandwidth_gbps{id="Video.Slot.28-1"} 0
# HELP oob_gpu_pcie_raw_tx_bandwidth_gbps PCIe raw transmit bandwidth of the GPU in Gbps
# TYPE oob_gpu_pcie_raw_tx_bandwidth_gbps gauge
oob_gpu_pcie_raw_tx_bandwidth_gbps{id="Video.Slot.21-1"} 0
oob_gpu_pcie_raw_tx_bandwidth_gbps{id="Video.Slot.22-1"} 0
oob_gpu_pcie_raw_tx_bandwidth_gbps{id="Video.Slot.23-1"} 0
oob_gpu_pcie_raw_tx_bandwidth_gbps{id="Video.Slot.24-1"} 0
oob_gpu_pcie_raw_tx_bandwidth_gbps{id="Video.Slot.25-1"} 0
oob_gpu_pcie_raw_tx_bandwidth_gbps{id="Video.Slot.26-1"} 0
oob_gpu_pcie_raw_tx_bandwidth_gbps{id="Video.Slot.27-1"} 0
oob_gpu_pcie_raw_tx_bandwidth_gbps{id="Video.Slot.28-1"} 0
# HELP oob_gpu_power_brake_status Status of the GPU power brake
# TYPE oob_gpu_power_brake_status gauge
oob_gpu_power_brake_status{id="Video.Slot.21-1",status="Released"} 1
oob_gpu_power_brake_status{id="Video.Slot.22-1",status="Released"} 1
oob_gpu_power_brake_status{id="Video.Slot.23-1",status="Released"} 1
oob_gpu_power_brake_status{id="Video.Slot.24-1",status="Released"} 1
oob_gpu_power_brake_status{id="Video.Slot.25-1",status="Released"} 1
oob_gpu_power_brake_status{id="Video.Slot.26-1",status="Released"} 1
oob_gpu_power_brake_status{id="Video.Slot.27-1",status="Released"} 1
oob_gpu_power_brake_status{id="Video.Slot.28-1",status="Released"} 1
# HELP oob_gpu_primary_gpu_temperature_celsius Primary temperature of the GPU in celsius
# TYPE oob_gpu_primary_gpu_temperature_celsius gauge
oob_gpu_primary_gpu_temperature_celsius{id="Video.Slot.21-1"} 39
oob_gpu_primary_gpu_temperature_celsius{id="Video.Slot.22-1"} 43
oob_gpu_primary_gpu_temperature_celsius{id="Video.Slot.23-1"} 41
oob_gpu_primary_gpu_temperature_celsius{id="Video.Slot.24-1"} 41
oob_gpu_primary_gpu_temperature_celsius{id="Video.Slot.25-1"} 40
oob_gpu_primary_gpu_temperature_celsius{id="Video.Slot.26-1"} 38
oob_gpu_primary_gpu_temperature_celsius{id="Video.Slot.27-1"} 40
oob_gpu_primary_gpu_temperature_celsius{id="Video.Slot.28-1"} 38
# HELP oob_gpu_sm_activity_percent Streaming Multiprocessor (SM) activity of the GPU in percent
# TYPE oob_gpu_sm_activity_percent gauge
oob_gpu_sm_activity_percent{id="Video.Slot.21-1"} 0
oob_gpu_sm_activity_percent{id="Video.Slot.22-1"} 0
oob_gpu_sm_activity_percent{id="Video.Slot.23-1"} 0
oob_gpu_sm_activity_percent{id="Video.Slot.24-1"} 0
oob_gpu_sm_activity_percent{id="Video.Slot.25-1"} 0
oob_gpu_sm_activity_percent{id="Video.Slot.26-1"} 0
oob_gpu_sm_activity_percent{id="Video.Slot.27-1"} 0
oob_gpu_sm_activity_percent{id="Video.Slot.28-1"} 0
# HELP oob_gpu_sm_occupancy_percent Streaming Multiprocessor (SM) occupancy of the GPU in percent
# TYPE oob_gpu_sm_occupancy_percent gauge
oob_gpu_sm_occupancy_percent{id="Video.Slot.21-1"} 0
oob_gpu_sm_occupancy_percent{id="Video.Slot.22-1"} 0
oob_gpu_sm_occupancy_percent{id="Video.Slot.23-1"} 0
oob_gpu_sm_occupancy_percent{id="Video.Slot.24-1"} 0
oob_gpu_sm_occupancy_percent{id="Video.Slot.25-1"} 0
oob_gpu_sm_occupancy_percent{id="Video.Slot.26-1"} 0
oob_gpu_sm_occupancy_percent{id="Video.Slot.27-1"} 0
oob_gpu_sm_occupancy_percent{id="Video.Slot.28-1"} 0
# HELP oob_gpu_sm_utilization_percent Streaming Multiprocessor (SM) utilization of the GPU in percent
# TYPE oob_gpu_sm_utilization_percent gauge
oob_gpu_sm_utilization_percent{id="Video.Slot.21-1"} 2913
oob_gpu_sm_utilization_percent{id="Video.Slot.22-1"} 2924
oob_gpu_sm_utilization_percent{id="Video.Slot.23-1"} 2901
oob_gpu_sm_utilization_percent{id="Video.Slot.24-1"} 2898
oob_gpu_sm_utilization_percent{id="Video.Slot.25-1"} 2912
oob_gpu_sm_utilization_percent{id="Video.Slot.26-1"} 2921
oob_gpu_sm_utilization_percent{id="Video.Slot.27-1"} 2904
oob_gpu_sm_utilization_percent{id="Video.Slot.28-1"} 2899
# HELP oob_gpu_state State of the GPU
# TYPE oob_gpu_state gauge
oob_gpu_state{id="Video.Slot.21-1",state="Available"} 0
oob_gpu_state{id="Video.Slot.22-1",state="Available"} 0
oob_gpu_state{id="Video.Slot.23-1",state="Available"} 0
oob_gpu_state{id="Video.Slot.24-1",state="Available"} 0
oob_gpu_state{id="Video.Slot.25-1",state="Available"} 0
oob_gpu_state{id="Video.Slot.26-1",state="Available"} 0
oob_gpu_state{id="Video.Slot.27-1",state="Available"} 0
oob_gpu_state{id="Video.Slot.28-1",state="Available"} 0
# HELP oob_gpu_tensor_core_activity_percent Tensor Core activity of the GPU in percent
# TYPE oob_gpu_tensor_core_activity_percent gauge
oob_gpu_tensor_core_activity_percent{id="Video.Slot.21-1"} 0
oob_gpu_tensor_core_activity_percent{id="Video.Slot.22-1"} 0
oob_gpu_tensor_core_activity_percent{id="Video.Slot.23-1"} 0
oob_gpu_tensor_core_activity_percent{id="Video.Slot.24-1"} 0
oob_gpu_tensor_core_activity_percent{id="Video.Slot.25-1"} 0
oob_gpu_tensor_core_activity_percent{id="Video.Slot.26-1"} 0
oob_gpu_tensor_core_activity_percent{id="Video.Slot.27-1"} 0
oob_gpu_tensor_core_activity_percent{id="Video.Slot.28-1"} 0
# HELP oob_gpu_thermal_alert_status Thermal alert status of the GPU
# TYPE oob_gpu_thermal_alert_status gauge
oob_gpu_thermal_alert_status{id="Video.Slot.21-1",status="NotPending"} 1
oob_gpu_thermal_alert_status{id="Video.Slot.22-1",status="NotPending"} 1
oob_gpu_thermal_alert_status{id="Video.Slot.23-1",status="NotPending"} 1
oob_gpu_thermal_alert_status{id="Video.Slot.24-1",status="NotPending"} 1
oob_gpu_thermal_alert_status{id="Video.Slot.25-1",status="NotPending"} 1
oob_gpu_thermal_alert_status{id="Video.Slot.26-1",status="NotPending"} 1
oob_gpu_thermal_alert_status{id="Video.Slot.27-1",status="NotPending"} 1
oob_gpu_thermal_alert_status{id="Video.Slot.28-1",status="NotPending"} 1
# HELP oob_gpu_throttle_reason Reason for GPU throttling
# TYPE oob_gpu_throttle_reason gauge
oob_gpu_throttle_reason{id="Video.Slot.21-1",reason="Software"} 1
